// Jest Snapshot v1, https://goo.gl/fbAQLP

exports[`Render Tabs 1`] = `
<div
  className="movie-card__desc"
>
  <nav
    className="movie-nav movie-card__nav"
  >
    <ul
      className="movie-nav__list"
    >
      <li
        className="movie-nav__item movie-nav__item--active"
        onClick={[Function]}
      >
        <a
          className="movie-nav__link"
          href="#"
        >
          Overview
        </a>
      </li>
      <li
        className="movie-nav__item "
        onClick={[Function]}
      >
        <a
          className="movie-nav__link"
          href="#"
        >
          Details
        </a>
      </li>
    </ul>
  </nav>
  <div>
    Child1
  </div>
</div>
`;
