// Jest Snapshot v1, https://goo.gl/fbAQLP

exports[`Render MovieCard 1`] = `
<article
  className="small-movie-card undefined"
  onMouseEnter={[Function]}
  onMouseLeave={[Function]}
>
  <a
    href="/dev-film"
    onClick={[Function]}
  >
    <div
      className="small-movie-card__image"
      onClick={[Function]}
    >
      <img
        alt="Inception"
        height="175"
        src="http://picsum.photos/id/1005/300/150"
        width="280"
      />
    </div>
  </a>
  <h3
    className="small-movie-card__title"
    onClick={[Function]}
  >
    <a
      className="small-movie-card__link"
      href="/dev-film"
      onClick={[Function]}
    >
      Inception
    </a>
  </h3>
</article>
`;
